
exports[`create snapshot 1`] = `
<View
  onStartShouldSetResponder={[Function]}
  pointerEvents="auto"
>
  <View
    style={
      Object {
        "backgroundColor": "transparent",
        "borderBottomColor": "rgba(0, 0, 0, .87)",
        "borderBottomWidth": 0.5,
        "height": 64,
        "paddingBottom": 8,
        "paddingTop": 32,
      }
    }
  >
    <View
      style={
        Object {
          "left": 0,
          "position": "absolute",
          "top": 32.8,
        }
      }
    >
      <Text
        style={
          Object {
            "color": "rgba(0, 0, 0, .87)",
            "fontSize": 16,
            "justifyContent": "space-between",
            "width": "100%",
          }
        }
      >
        <Text
          style={
            Object {
              "width": "50%",
            }
          }
        >
          
        </Text>
      </Text>
    </View>
    <View
      style={
        Object {
          "flexDirection": "row",
        }
      }
    >
      <TextInput
        allowFontScaling={true}
        autoCapitalize="none"
        editable={true}
        multiline={false}
        onBlur={[Function]}
        onChangeText={[Function]}
        onContentSizeChange={[Function]}
        onFocus={[Function]}
        rejectResponderTermination={true}
        selectionColor="rgb(0,100,234)"
        style={
          Array [
            Object {
              "flex": 1,
              "margin": 0,
              "padding": 0,
              "top": 2,
            },
            Object {
              "color": "rgba(0, 0, 0, .87)",
              "fontSize": 16,
              "textAlign": "left",
            },
            Object {
              "height": 24,
            },
            undefined,
            undefined,
          ]
        }
        underlineColorAndroid="transparent"
        value=""
      />
    </View>
  </View>
  <View
    style={
      Object {
        "flexDirection": "row",
        "height": 8,
      }
    }
  >
    <View
      style={
        Object {
          "alignItems": "flex-start",
          "bottom": 0,
          "flex": 1,
          "left": 0,
          "paddingVertical": 4,
          "position": "absolute",
          "right": 0,
          "top": 0,
        }
      }
    >
      <Text
        style={
          Object {
            "backgroundColor": "transparent",
            "color": "red",
            "fontSize": 0,
            "opacity": 0,
          }
        }
      />
    </View>
  </View>
</View>
`;
